[2026-10-02 16:23:43] [INFO] [validate_adapters]: ============================================================
[2026-10-02 16:23:43] [INFO] [validate_adapters]: PHASE 4: LOCAL DATABASE VALIDATION & SMOKE TESTING
[2026-10-02 16:23:43] [INFO] [validate_adapters]: ============================================================
[2026-10-02 16:23:43] [INFO] [validator]: --- Validating Adapter: QDRANT ---
[2026-10-02 16:23:53] [INFO] [validator]: [Qdrant] Creating collection 'test_qdrant_smoke'...
[2026-10-02 16:24:02] [INFO] [validator]: [Qdrant] Inserting 5 test vectors...
[2026-10-02 16:24:03] [INFO] [validator]: [Qdrant] Building index...
[2026-10-02 16:24:03] [INFO] [validator]: [Qdrant] Searching with test query...
[2026-10-02 16:24:03] [INFO] [validator]: [Qdrant] Top hit: ID=test_doc_0, score=1.0000
[2026-10-02 16:24:03] [INFO] [validator]: [Qdrant] Cleaning up test collection...
[2026-10-02 16:24:03] [INFO] [validator]: [Qdrant] SMOKE TEST PASSED SUCCESSFULLY.
[2026-10-02 16:24:03] [INFO] [validator]: --- Validating Adapter: CHROMA ---
[2026-10-02 16:24:15] [INFO] [validator]: [Chroma] Creating collection 'test_chroma_smoke'...
[2026-10-02 16:24:34] [INFO] [validator]: [Chroma] Inserting 5 test vectors...
[2026-10-02 16:24:39] [INFO] [validator]: [Chroma] Building index...
[2026-10-02 16:24:39] [INFO] [validator]: [Chroma] Searching with test query...
[2026-10-02 16:24:40] [INFO] [validator]: [Chroma] Top hit: ID=test_doc_0, score=1.0000
[2026-10-02 16:24:40] [INFO] [validator]: [Chroma] Cleaning up test collection...
[2026-10-02 16:24:41] [INFO] [validator]: [Chroma] SMOKE TEST PASSED SUCCESSFULLY.
[2026-10-02 16:24:41] [INFO] [validator]: --- Validating Adapter: FAISS ---
[2026-10-02 16:24:47] [INFO] [validator]: [FAISS] Creating collection 'test_faiss_smoke'...
[2026-10-02 16:24:48] [INFO] [validator]: [FAISS] Inserting 5 test vectors...
[2026-10-02 16:24:48] [INFO] [validator]: [FAISS] Building index...
[2026-10-02 16:24:48] [INFO] [validator]: [FAISS] Searching with test query...
[2026-10-02 16:24:48] [INFO] [validator]: [FAISS] Top hit: ID=test_doc_0, score=1.0000
[2026-10-02 16:24:48] [INFO] [validator]: [FAISS] Cleaning up test collection...
[2026-10-02 16:24:48] [INFO] [validator]: [FAISS] SMOKE TEST PASSED SUCCESSFULLY.
[2026-10-02 16:24:48] [INFO] [validator]: --- Validating Adapter: MILVUS ---
[2026-10-02 16:24:48] [WARNING] [validator]: [Milvus] Not available for live benchmarking: pymilvus package not installed.
[2026-10-02 16:24:48] [INFO] [validator]: --- Validating Adapter: WEAVIATE ---
[2026-10-02 16:24:48] [WARNING] [validator]: [Weaviate] Not available for live benchmarking: weaviate-client package not installed.
[2026-10-02 16:24:48] [INFO] [validator]: --- Validating Adapter: PGVECTOR ---
[2026-10-02 16:24:48] [WARNING] [validator]: [pgvector] Not available for live benchmarking: psycopg2 package not installed.
[2026-10-02 16:24:48] [INFO] [validator]: --- Validating Adapter: ELASTICSEARCH ---
[2026-10-02 16:24:48] [WARNING] [validator]: [Elasticsearch] Not available for live benchmarking: elasticsearch python client not installed.
[2026-10-02 16:24:48] [INFO] [validator]: --- Validating Adapter: PINECONE ---
[2026-10-02 16:24:48] [WARNING] [validator]: [Pinecone] Not available for live benchmarking: API Credentials Required: PINECONE_API_KEY environment variable is not configured. Cloud SaaS live benchmark skipped to avoid unauthenticated access and prevent cloud billing charges.
